21:13:18 **** Auto Build of configuration Debug for project FFT_bsp_xsysmon_polled_example_1 ****
make all 
'Building file: ../src/xsysmon_polled_example.c'
'Invoking: ARM gcc compiler'
arm-xilinx-eabi-gcc -Wall -O0 -g3 -c -fmessage-length=0 -MT"src/xsysmon_polled_example.o" -I../../FFT_bsp/ps7_cortexa9_0/include -MMD -MP -MF"src/xsysmon_polled_example.d" -MT"src/xsysmon_polled_example.d" -o "src/xsysmon_polled_example.o" "../src/xsysmon_polled_example.c"
'Finished building: ../src/xsysmon_polled_example.c'
' '
'Building target: FFT_bsp_xsysmon_polled_example_1.elf'
'Invoking: ARM gcc linker'
arm-xilinx-eabi-gcc -Wl,-T -Wl,../src/lscript.ld -L../../FFT_bsp/ps7_cortexa9_0/lib -o "FFT_bsp_xsysmon_polled_example_1.elf"  ./src/xsysmon_polled_example.o   -Wl,--start-group,-lxil,-lgcc,-lc,--end-group
'Finished building target: FFT_bsp_xsysmon_polled_example_1.elf'
' '
'Invoking: ARM Print Size'
arm-xilinx-eabi-size FFT_bsp_xsysmon_polled_example_1.elf  |tee "FFT_bsp_xsysmon_polled_example_1.elf.size"
   text	   data	    bss	    dec	    hex	filename
  27524	   1168	  22596	  51288	   c858	FFT_bsp_xsysmon_polled_example_1.elf
'Finished building: FFT_bsp_xsysmon_polled_example_1.elf.size'
' '

21:13:19 Build Finished (took 1s.339ms)

