20:05:02 **** Build of configuration Debug for project Zybo_bsp_xscugic_example_1 ****
make all 
'Building file: ../src/xscugic_example.c'
'Invoking: ARM gcc compiler'
arm-xilinx-eabi-gcc -Wall -O0 -g3 -c -fmessage-length=0 -MT"src/xscugic_example.o" -I../../Zybo_bsp/ps7_cortexa9_0/include -MMD -MP -MF"src/xscugic_example.d" -MT"src/xscugic_example.d" -o "src/xscugic_example.o" "../src/xscugic_example.c"
'Finished building: ../src/xscugic_example.c'
' '
'Building target: Zybo_bsp_xscugic_example_1.elf'
'Invoking: ARM gcc linker'
arm-xilinx-eabi-gcc -Wl,-T -Wl,../src/lscript.ld -L../../Zybo_bsp/ps7_cortexa9_0/lib -o "Zybo_bsp_xscugic_example_1.elf"  ./src/xscugic_example.o   -Wl,--start-group,-lxil,-lgcc,-lc,--end-group
'Finished building target: Zybo_bsp_xscugic_example_1.elf'
' '
'Invoking: ARM Print Size'
arm-xilinx-eabi-size Zybo_bsp_xscugic_example_1.elf  |tee "Zybo_bsp_xscugic_example_1.elf.size"
   text	   data	    bss	    dec	    hex	filename
  26064	   1928	  22596	  50588	   c59c	Zybo_bsp_xscugic_example_1.elf
'Finished building: Zybo_bsp_xscugic_example_1.elf.size'
' '

20:05:03 Build Finished (took 1s.211ms)

